// Jest Snapshot v1, https://goo.gl/fbAQLP

exports[`CountDown Button  1`] = `
<div
  class="default-game-list-item"
/>
`;
