// Jest Snapshot v1, https://goo.gl/fbAQLP

exports[`CountDown 时间转化组件 1`] = `<span />`;
