// Jest Snapshot v1, https://goo.gl/fbAQLP

exports[`racingTable racingTable 1`] = `null`;
