// Jest Snapshot v1, https://goo.gl/fbAQLP

exports[`Horizontal 赛马场列表容器 1`] = `null`;
