// Jest Snapshot v1, https://goo.gl/fbAQLP

exports[`Block base 1`] = `[Function]`;
