// Jest Snapshot v1, https://goo.gl/fbAQLP

exports[`Line base 1`] = `
<div
  class="row-line"
/>
`;

exports[`Line prefixClsNull 1`] = `
<div
  class="row-line"
/>
`;
