// Jest Snapshot v1, https://goo.gl/fbAQLP

exports[`IconFont base 1`] = `
<span
  class="iconfont"
/>
`;
