// Jest Snapshot v1, https://goo.gl/fbAQLP

exports[`Category empty 1`] = `
<div
  class="container-wrapper"
>
  <div
    class="container"
  />
</div>
`;

exports[`Category with normal dataSets 1`] = `
<div
  class="container-wrapper"
>
  <div
    class="container"
  >
    <div
      class="box"
    >
      <div
        class="count"
      >
        12
      </div>
      <img
        alt=""
        src="https://www.leangoo.com/kanban/application/views/images/leangoo_logo.png"
      />
      <div
        style="text-transform:capitalize;text-align:center"
      >
        Favorite
      </div>
    </div>
    <div
      class="box"
    >
      <div
        class="count"
      >
        79
      </div>
      <img
        alt=""
        src="https://www.leangoo.com/kanban/application/views/images/leangoo_logo.png"
      />
      <div
        style="text-transform:capitalize;text-align:center"
      >
        Soccer
      </div>
    </div>
    <div
      class="box"
    >
      <div
        class="count"
      >
        9
      </div>
      <img
        alt=""
        src="https://www.leangoo.com/kanban/application/views/images/leangoo_logo.png"
      />
      <div
        style="text-transform:capitalize;text-align:center"
      >
        Basketball
      </div>
    </div>
    <div
      class="box"
    >
      <div
        class="count"
      >
        2
      </div>
      <img
        alt=""
        src="https://www.leangoo.com/kanban/application/views/images/leangoo_logo.png"
      />
      <div
        style="text-transform:capitalize;text-align:center"
      >
        E-Sport
      </div>
    </div>
    <div
      class="box"
    >
      <div
        class="count"
      >
        4
      </div>
      <img
        alt=""
        src="https://www.leangoo.com/kanban/application/views/images/leangoo_logo.png"
      />
      <div
        style="text-transform:capitalize;text-align:center"
      >
        Favorite
      </div>
    </div>
  </div>
</div>
`;
